// Jest Snapshot v1, https://goo.gl/fbAQLP

exports[`Should render ExpenseListItems with single expense 1`] = `
<Link
  className="list-item"
  to="/edit/2"
>
  <div>
    <h2
      className="list-item__title"
    >
      Rent
    </h2>
    <span
      className="list-item__sub-title"
    >
      December 24th, 1969
    </span>
  </div>
  <h3
    className="list-item__data"
  >
    $750.00
  </h3>
</Link>
`;
