// Jest Snapshot v1, https://goo.gl/fbAQLP

exports[`Should render Header correctly 1`] = `
<header
  className="header"
>
  <div
    className="content-container"
  >
    <div
      className="header__content"
    >
      <Link
        to="/dashboard"
      >
        <h1
          className="header__title"
        >
          Budget
          <b
            className="header__title-fyi"
          >
            FYI
          </b>
        </h1>
      </Link>
      <button
        className="header__button"
        onClick={[Function]}
      >
        LOGOUT
      </button>
    </div>
  </div>
</header>
`;
