// Jest Snapshot v1, https://goo.gl/fbAQLP

exports[`Should render the Login Page 1`] = `
<div
  className="box-layout"
>
  <div
    className="box-layout__box"
  >
    <h1
      className="box-layout__title"
    >
      Budget
      <fyi
        className="landing-title-fyi"
      >
        FYI
      </fyi>
    </h1>
    <p
      className="box-layout__sub-title"
    >
      Simplify Your Expenses
    </p>
    <button
      className="box-layout__button"
    >
      LOGIN / SIGNUP
    </button>
  </div>
</div>
`;
